// Jest Snapshot v1, https://goo.gl/fbAQLP

exports[`Link component Matches the snapshot 1`] = `
<a
  href="/undefined"
>
  <span />
</a>
`;
